Initializing cgroup subsys cpuset
Initializing cgroup subsys cpu
Initializing cgroup subsys cpuacct
Linux version 4.4.12-boot2docker (root@b0cf605c7757) (gcc version 4.9.2 (Debian 4.9.2-10) ) #1 SMP Wed Jun 1 22:45:59 UTC 2016
Command line: loglevel=3 user=docker console=ttyS0 console=tty0 noembed nomodeset norestore waitusb=10:LABEL=boot2docker-data base initrd=/boot/initrd.img BOOT_IMAGE=/boot/vmlinuz64 
x86/fpu: xstate_offset[2]:  576, xstate_sizes[2]:  256
x86/fpu: Supporting XSAVE feature 0x01: 'x87 floating point registers'
x86/fpu: Supporting XSAVE feature 0x02: 'SSE registers'
x86/fpu: Supporting XSAVE feature 0x04: 'AVX registers'
x86/fpu: Enabled xstate features 0x7, context size is 832 bytes, using 'standard' format.
x86/fpu: Using 'lazy' FPU context switches.
e820: BIOS-provided physical RAM map:
BIOS-e820: [mem 0x0000000000000000-0x000000000009fbff] usable
BIOS-e820: [mem 0x000000000009fc00-0x000000000009ffff] reserved
BIOS-e820: [mem 0x00000000000f0000-0x00000000000fffff] reserved
BIOS-e820: [mem 0x0000000000100000-0x00000000dffeffff] usable
BIOS-e820: [mem 0x00000000dfff0000-0x00000000dfffffff] ACPI data
BIOS-e820: [mem 0x00000000fffc0000-0x00000000ffffffff] reserved
BIOS-e820: [mem 0x0000000100000000-0x000000035fffffff] usable
NX (Execute Disable) protection: active
SMBIOS 2.5 present.
DMI: innotek GmbH VirtualBox/VirtualBox, BIOS VirtualBox 12/01/2006
Hypervisor detected: KVM
e820: update [mem 0x00000000-0x00000fff] usable ==> reserved
e820: remove [mem 0x000a0000-0x000fffff] usable
e820: last_pfn = 0x360000 max_arch_pfn = 0x400000000
MTRR default type: uncachable
MTRR variable ranges disabled:
x86/PAT: Configuration [0-7]: WB  WC  UC- UC  WB  WC  UC- WT  
MTRR: Disabled
CPU MTRRs all blank - virtualized system.
e820: last_pfn = 0xdfff0 max_arch_pfn = 0x400000000
found SMP MP-table at [mem 0x0009fff0-0x0009ffff] mapped at [ffff88000009fff0]
Base memory trampoline at [ffff880000099000] 99000 size 24576
BRK [0x01d14000, 0x01d14fff] PGTABLE
BRK [0x01d15000, 0x01d15fff] PGTABLE
BRK [0x01d16000, 0x01d16fff] PGTABLE
BRK [0x01d17000, 0x01d17fff] PGTABLE
BRK [0x01d18000, 0x01d18fff] PGTABLE
BRK [0x01d19000, 0x01d19fff] PGTABLE
RAMDISK: [mem 0x7e150000-0x7fffefff]
ACPI: Early table checksum verification disabled
ACPI: RSDP 0x00000000000E0000 000024 (v02 VBOX  )
ACPI: XSDT 0x00000000DFFF0040 000044 (v01 VBOX   VBOXXSDT 00000001 ASL  00000061)
ACPI: FACP 0x00000000DFFF0110 0000F4 (v04 VBOX   VBOXFACP 00000001 ASL  00000061)
ACPI: DSDT 0x00000000DFFF0500 002106 (v01 VBOX   VBOXBIOS 00000002 INTL 20100528)
ACPI: FACS 0x00000000DFFF0240 000040
ACPI: FACS 0x00000000DFFF0240 000040
ACPI: APIC 0x00000000DFFF0280 00006C (v02 VBOX   VBOXAPIC 00000001 ASL  00000061)
ACPI: HPET 0x00000000DFFF02F0 000038 (v01 VBOX   VBOXHPET 00000001 ASL  00000061)
ACPI: SSDT 0x00000000DFFF0330 0001CC (v01 VBOX   VBOXCPUT 00000002 INTL 20100528)
ACPI: Local APIC address 0xfee00000
kvm-clock: Using msrs 4b564d01 and 4b564d00
kvm-clock: cpu 0, msr 3:5fff4001, primary cpu clock
kvm-clock: using sched offset of 611010484 cycles
clocksource: kvm-clock: mask: 0xffffffffffffffff max_cycles: 0x1cd42e4dffb, max_idle_ns: 881590591483 ns
Zone ranges:
  DMA      [mem 0x0000000000001000-0x0000000000ffffff]
  DMA32    [mem 0x0000000001000000-0x00000000ffffffff]
  Normal   [mem 0x0000000100000000-0x000000035fffffff]
Movable zone start for each node
Early memory node ranges
  node   0: [mem 0x0000000000001000-0x000000000009efff]
  node   0: [mem 0x0000000000100000-0x00000000dffeffff]
  node   0: [mem 0x0000000100000000-0x000000035fffffff]
Initmem setup node 0 [mem 0x0000000000001000-0x000000035fffffff]
On node 0 totalpages: 3407758
  DMA zone: 64 pages used for memmap
  DMA zone: 21 pages reserved
  DMA zone: 3998 pages, LIFO batch:0
  DMA32 zone: 14272 pages used for memmap
  DMA32 zone: 913392 pages, LIFO batch:31
  Normal zone: 38912 pages used for memmap
  Normal zone: 2490368 pages, LIFO batch:31
ACPI: PM-Timer IO Port: 0x4008
ACPI: Local APIC address 0xfee00000
IOAPIC[0]: apic_id 4, version 17, address 0xfec00000, GSI 0-23
ACPI: INT_SRC_OVR (bus 0 bus_irq 0 global_irq 2 dfl dfl)
ACPI: INT_SRC_OVR (bus 0 bus_irq 9 global_irq 9 high level)
ACPI: IRQ0 used by override.
ACPI: IRQ9 used by override.
Using ACPI (MADT) for SMP configuration information
ACPI: HPET id: 0x8086a201 base: 0xfed00000
smpboot: Allowing 4 CPUs, 0 hotplug CPUs
PM: Registered nosave memory: [mem 0x00000000-0x00000fff]
PM: Registered nosave memory: [mem 0x0009f000-0x0009ffff]
PM: Registered nosave memory: [mem 0x000a0000-0x000effff]
PM: Registered nosave memory: [mem 0x000f0000-0x000fffff]
PM: Registered nosave memory: [mem 0xdfff0000-0xdfffffff]
PM: Registered nosave memory: [mem 0xe0000000-0xfffbffff]
PM: Registered nosave memory: [mem 0xfffc0000-0xffffffff]
e820: [mem 0xe0000000-0xfffbffff] available for PCI devices
Booting paravirtualized kernel on KVM
clocksource: refined-jiffies: mask: 0xffffffff max_cycles: 0xffffffff, max_idle_ns: 19112604462750000 ns
setup_percpu: NR_CPUS:8 nr_cpumask_bits:8 nr_cpu_ids:4 nr_node_ids:1
PERCPU: Embedded 33 pages/cpu @ffff88035fc00000 s96088 r8192 d30888 u524288
pcpu-alloc: s96088 r8192 d30888 u524288 alloc=1*2097152
pcpu-alloc: [0] 0 1 2 3 
Built 1 zonelists in Zone order, mobility grouping on.  Total pages: 3354489
Kernel command line: loglevel=3 user=docker console=ttyS0 console=tty0 noembed nomodeset norestore waitusb=10:LABEL=boot2docker-data base initrd=/boot/initrd.img BOOT_IMAGE=/boot/vmlinuz64 
PID hash table entries: 4096 (order: 3, 32768 bytes)
Dentry cache hash table entries: 2097152 (order: 12, 16777216 bytes)
Inode-cache hash table entries: 1048576 (order: 11, 8388608 bytes)
Memory: 13281768K/13631032K available (5637K kernel code, 1299K rwdata, 2360K rodata, 1036K init, 784K bss, 349264K reserved, 0K cma-reserved)
Hierarchical RCU implementation.
	Build-time adjustment of leaf fanout to 64.
	RCU restricting CPUs from NR_CPUS=8 to nr_cpu_ids=4.
RCU: Adjusting geometry for rcu_fanout_leaf=64, nr_cpu_ids=4
NR_IRQS:4352 nr_irqs:456 16
Console: colour VGA+ 80x25
console [tty0] enabled
console [ttyS0] enabled
clocksource: hpet: mask: 0xffffffff max_cycles: 0xffffffff, max_idle_ns: 19112604467 ns
hpet clockevent registered
tsc: Detected 3099.994 MHz processor
Calibrating delay loop (skipped) preset value.. 6199.98 BogoMIPS (lpj=30999940)
pid_max: default: 32768 minimum: 301
ACPI: Core revision 20150930
ACPI: 2 ACPI AML tables successfully acquired and loaded
Security Framework initialized
Mount-cache hash table entries: 32768 (order: 6, 262144 bytes)
Mountpoint-cache hash table entries: 32768 (order: 6, 262144 bytes)
Initializing cgroup subsys io
Initializing cgroup subsys memory
Initializing cgroup subsys devices
Initializing cgroup subsys freezer
Initializing cgroup subsys net_cls
Initializing cgroup subsys perf_event
Initializing cgroup subsys net_prio
Initializing cgroup subsys hugetlb
Initializing cgroup subsys pids
CPU: Physical Processor ID: 0
CPU: Processor Core ID: 0
mce: CPU supports 0 MCE banks
Last level iTLB entries: 4KB 1024, 2MB 1024, 4MB 1024
Last level dTLB entries: 4KB 1024, 2MB 1024, 4MB 1024, 1GB 4
Freeing SMP alternatives memory: 20K (ffffffff81c49000 - ffffffff81c4e000)
..TIMER: vector=0x30 apic1=0 pin1=2 apic2=-1 pin2=-1
smpboot: CPU0: Intel(R) Core(TM) i5-4440 CPU @ 3.10GHz (family: 0x6, model: 0x3c, stepping: 0x3)
Performance Events: unsupported p6 CPU model 60 no PMU driver, software events only.
x86: Booting SMP configuration:
.... node  #0, CPUs:      #1
kvm-clock: cpu 1, msr 3:5fff4041, secondary cpu clock
mce: CPU supports 0 MCE banks
 #2
kvm-clock: cpu 2, msr 3:5fff4081, secondary cpu clock
mce: CPU supports 0 MCE banks
 #3
kvm-clock: cpu 3, msr 3:5fff40c1, secondary cpu clock
mce: CPU supports 0 MCE banks
x86: Booted up 1 node, 4 CPUs
smpboot: Total of 4 processors activated (24799.95 BogoMIPS)
clocksource: jiffies: mask: 0xffffffff max_cycles: 0xffffffff, max_idle_ns: 19112604462750000 ns
NET: Registered protocol family 16
cpuidle: using governor ladder
cpuidle: using governor menu
ACPI: bus type PCI registered
PCI: Using configuration type 1 for base access
ACPI: Added _OSI(Module Device)
ACPI: Added _OSI(Processor Device)
ACPI: Added _OSI(3.0 _SCP Extensions)
ACPI: Added _OSI(Processor Aggregator Device)
ACPI: Executed 1 blocks of module-level executable AML code
ACPI: Interpreter enabled
ACPI Exception: AE_NOT_FOUND, While evaluating Sleep State [\_S1_] (20150930/hwxface-580)
ACPI Exception: AE_NOT_FOUND, While evaluating Sleep State [\_S2_] (20150930/hwxface-580)
ACPI Exception: AE_NOT_FOUND, While evaluating Sleep State [\_S3_] (20150930/hwxface-580)
ACPI Exception: AE_NOT_FOUND, While evaluating Sleep State [\_S4_] (20150930/hwxface-580)
ACPI: (supports S0 S5)
ACPI: Using IOAPIC for interrupt routing
PCI: Using host bridge windows from ACPI; if necessary, use "pci=nocrs" and report a bug
ACPI: PCI Root Bridge [PCI0] (domain 0000 [bus 00-ff])
acpi PNP0A03:00: _OSC: OS supports [ASPM ClockPM Segments MSI]
acpi PNP0A03:00: _OSC failed (AE_NOT_FOUND); disabling ASPM
acpi PNP0A03:00: fail to add MMCONFIG information, can't access extended PCI configuration space under this bridge.
PCI host bridge to bus 0000:00
pci_bus 0000:00: root bus resource [io  0x0000-0x0cf7 window]
pci_bus 0000:00: root bus resource [io  0x0d00-0xffff window]
pci_bus 0000:00: root bus resource [mem 0x000a0000-0x000bffff window]
pci_bus 0000:00: root bus resource [mem 0xe0000000-0xffdfffff window]
pci_bus 0000:00: root bus resource [bus 00-ff]
pci 0000:00:00.0: [8086:1237] type 00 class 0x060000
pci 0000:00:01.0: [8086:7000] type 00 class 0x060100
pci 0000:00:02.0: [80ee:beef] type 00 class 0x030000
pci 0000:00:02.0: reg 0x10: [mem 0xe0000000-0xe07fffff pref]
pci 0000:00:03.0: [8086:100e] type 00 class 0x020000
pci 0000:00:03.0: reg 0x10: [mem 0xf0000000-0xf001ffff]
pci 0000:00:03.0: reg 0x18: [io  0xd000-0xd007]
pci 0000:00:04.0: [80ee:cafe] type 00 class 0x088000
pci 0000:00:04.0: reg 0x10: [io  0xd020-0xd03f]
pci 0000:00:04.0: reg 0x14: [mem 0xf0400000-0xf07fffff]
pci 0000:00:04.0: reg 0x18: [mem 0xf0800000-0xf0803fff pref]
pci 0000:00:07.0: [8086:7113] type 00 class 0x068000
pci 0000:00:08.0: [8086:100e] type 00 class 0x020000
pci 0000:00:08.0: reg 0x10: [mem 0xf0820000-0xf083ffff]
pci 0000:00:08.0: reg 0x18: [io  0xd040-0xd047]
pci 0000:00:0d.0: [8086:2829] type 00 class 0x010601
pci 0000:00:0d.0: reg 0x10: [io  0xd048-0xd04f]
pci 0000:00:0d.0: reg 0x18: [io  0xd058-0xd05f]
pci 0000:00:0d.0: reg 0x20: [io  0xd070-0xd07f]
pci 0000:00:0d.0: reg 0x24: [mem 0xf0840000-0xf0841fff]
pci_bus 0000:00: on NUMA node 0
ACPI: PCI Interrupt Link [LNKA] (IRQs 5 9 10 *11)
ACPI: PCI Interrupt Link [LNKB] (IRQs 5 9 10 *11)
ACPI: PCI Interrupt Link [LNKC] (IRQs 5 9 *10 11)
ACPI: PCI Interrupt Link [LNKD] (IRQs 5 *9 10 11)
ACPI: Enabled 2 GPEs in block 00 to 07
vgaarb: setting as boot device: PCI:0000:00:02.0
vgaarb: device added: PCI:0000:00:02.0,decodes=io+mem,owns=io+mem,locks=none
vgaarb: loaded
vgaarb: bridge control possible 0000:00:02.0
SCSI subsystem initialized
libata version 3.00 loaded.
ACPI: bus type USB registered
usbcore: registered new interface driver usbfs
usbcore: registered new interface driver hub
usbcore: registered new device driver usb
PCI: Using ACPI for IRQ routing
PCI: pci_cache_line_size set to 64 bytes
e820: reserve RAM buffer [mem 0x0009fc00-0x0009ffff]
e820: reserve RAM buffer [mem 0xdfff0000-0xdfffffff]
HPET: 3 timers in total, 0 timers will be used for per-cpu timer
hpet0: at MMIO 0xfed00000, IRQs 2, 8, 0
hpet0: 3 comparators, 64-bit 100.000000 MHz counter
clocksource: Switched to clocksource kvm-clock
pnp: PnP ACPI init
pnp 00:00: Plug and Play ACPI device, IDs PNP0303 (active)
pnp 00:01: Plug and Play ACPI device, IDs PNP0f03 (active)
system 00:02: [mem 0xfed00000-0xfed003ff] has been reserved
system 00:02: Plug and Play ACPI device, IDs PNP0103 PNP0c01 (active)
pnp: PnP ACPI: found 3 devices
clocksource: acpi_pm: mask: 0xffffff max_cycles: 0xffffff, max_idle_ns: 2085701024 ns
pci_bus 0000:00: resource 4 [io  0x0000-0x0cf7 window]
pci_bus 0000:00: resource 5 [io  0x0d00-0xffff window]
pci_bus 0000:00: resource 6 [mem 0x000a0000-0x000bffff window]
pci_bus 0000:00: resource 7 [mem 0xe0000000-0xffdfffff window]
NET: Registered protocol family 2
TCP established hash table entries: 131072 (order: 8, 1048576 bytes)
TCP bind hash table entries: 65536 (order: 8, 1048576 bytes)
TCP: Hash tables configured (established 131072 bind 65536)
UDP hash table entries: 8192 (order: 6, 262144 bytes)
UDP-Lite hash table entries: 8192 (order: 6, 262144 bytes)
NET: Registered protocol family 1
RPC: Registered named UNIX socket transport module.
RPC: Registered udp transport module.
RPC: Registered tcp transport module.
RPC: Registered tcp NFSv4.1 backchannel transport module.
pci 0000:00:00.0: Limiting direct PCI/PCI transfers
pci 0000:00:01.0: Activating ISA DMA hang workarounds
pci 0000:00:02.0: Video device with shadowed ROM
PCI: CLS 0 bytes, default 64
Trying to unpack rootfs image as initramfs...
Freeing initrd memory: 31420K (ffff88007e150000 - ffff88007ffff000)
PCI-DMA: Using software bounce buffering for IO (SWIOTLB)
software IO TLB [mem 0xdbff0000-0xdfff0000] (64MB) mapped at [ffff8800dbff0000-ffff8800dffeffff]
platform rtc_cmos: registered platform RTC device (no PNP device found)
RAPL PMU detected, API unit is 2^-32 Joules, 4 fixed counters 10737418240 ms ovfl timer
hw unit of domain pp0-core 2^-0 Joules
hw unit of domain package 2^-0 Joules
hw unit of domain dram 2^-0 Joules
hw unit of domain pp1-gpu 2^-0 Joules
futex hash table entries: 1024 (order: 4, 65536 bytes)
HugeTLB registered 2 MB page size, pre-allocated 0 pages
NFS: Registering the id_resolver key type
Key type id_resolver registered
Key type id_legacy registered
nfs4filelayout_init: NFSv4 File Layout Driver Registering...
Installing knfsd (copyright (C) 1996 okir@monad.swb.de).
fuse init (API version 7.23)
9p: Installing v9fs 9p2000 file system support
aufs 4.4-20160530
Key type big_key registered
NET: Registered protocol family 38
Block layer SCSI generic (bsg) driver version 0.4 loaded (major 252)
io scheduler noop registered
io scheduler deadline registered (default)
xz_dec_test: module loaded
xz_dec_test: Create a device node with 'mknod xz_dec_test c 251 0' and write .xz files to it.
pci_hotplug: PCI Hot Plug PCI Core version: 0.5
pciehp: PCI Express Hot Plug Controller Driver version: 0.4
intel_idle: does not run on family 6 model 60
input: Power Button as /devices/LNXSYSTM:00/LNXPWRBN:00/input/input0
ACPI: Power Button [PWRF]
input: Sleep Button as /devices/LNXSYSTM:00/LNXSLPBN:00/input/input1
ACPI: Sleep Button [SLPF]
GHES: HEST is not enabled!
xenfs: not registering filesystem on non-xen platform
Non-volatile memory driver v1.3
Hangcheck: starting hangcheck timer 0.9.1 (tick is 180 seconds, margin is 60 seconds).
brd: module loaded
mtip32xx Version 1.3.1
zram: Added device: zram0
VMware PVSCSI driver - version 1.0.5.0-k
ahci 0000:00:0d.0: version 3.0
ahci 0000:00:0d.0: SSS flag set, parallel bus scan disabled
ahci 0000:00:0d.0: AHCI 0001.0100 32 slots 30 ports 3 Gbps 0x3fffffff impl SATA mode
ahci 0000:00:0d.0: flags: 64bit ncq stag only ccc 
scsi host0: ahci
scsi host1: ahci
scsi host2: ahci
scsi host3: ahci
scsi host4: ahci
scsi host5: ahci
scsi host6: ahci
scsi host7: ahci
scsi host8: ahci
scsi host9: ahci
scsi host10: ahci
scsi host11: ahci
scsi host12: ahci
scsi host13: ahci
scsi host14: ahci
scsi host15: ahci
scsi host16: ahci
scsi host17: ahci
scsi host18: ahci
scsi host19: ahci
scsi host20: ahci
scsi host21: ahci
scsi host22: ahci
scsi host23: ahci
scsi host24: ahci
scsi host25: ahci
scsi host26: ahci
scsi host27: ahci
scsi host28: ahci
scsi host29: ahci
ata1: SATA max UDMA/133 abar m8192@0xf0840000 port 0xf0840100 irq 21
ata2: SATA max UDMA/133 abar m8192@0xf0840000 port 0xf0840180 irq 21
ata3: SATA max UDMA/133 abar m8192@0xf0840000 port 0xf0840200 irq 21
ata4: SATA max UDMA/133 abar m8192@0xf0840000 port 0xf0840280 irq 21
ata5: SATA max UDMA/133 abar m8192@0xf0840000 port 0xf0840300 irq 21
ata6: SATA max UDMA/133 abar m8192@0xf0840000 port 0xf0840380 irq 21
ata7: SATA max UDMA/133 abar m8192@0xf0840000 port 0xf0840400 irq 21
ata8: SATA max UDMA/133 abar m8192@0xf0840000 port 0xf0840480 irq 21
ata9: SATA max UDMA/133 abar m8192@0xf0840000 port 0xf0840500 irq 21
ata10: SATA max UDMA/133 abar m8192@0xf0840000 port 0xf0840580 irq 21
ata11: SATA max UDMA/133 abar m8192@0xf0840000 port 0xf0840600 irq 21
ata12: SATA max UDMA/133 abar m8192@0xf0840000 port 0xf0840680 irq 21
ata13: SATA max UDMA/133 abar m8192@0xf0840000 port 0xf0840700 irq 21
ata14: SATA max UDMA/133 abar m8192@0xf0840000 port 0xf0840780 irq 21
ata15: SATA max UDMA/133 abar m8192@0xf0840000 port 0xf0840800 irq 21
ata16: SATA max UDMA/133 abar m8192@0xf0840000 port 0xf0840880 irq 21
ata17: SATA max UDMA/133 abar m8192@0xf0840000 port 0xf0840900 irq 21
ata18: SATA max UDMA/133 abar m8192@0xf0840000 port 0xf0840980 irq 21
ata19: SATA max UDMA/133 abar m8192@0xf0840000 port 0xf0840a00 irq 21
ata20: SATA max UDMA/133 abar m8192@0xf0840000 port 0xf0840a80 irq 21
ata21: SATA max UDMA/133 abar m8192@0xf0840000 port 0xf0840b00 irq 21
ata22: SATA max UDMA/133 abar m8192@0xf0840000 port 0xf0840b80 irq 21
ata23: SATA max UDMA/133 abar m8192@0xf0840000 port 0xf0840c00 irq 21
ata24: SATA max UDMA/133 abar m8192@0xf0840000 port 0xf0840c80 irq 21
ata25: SATA max UDMA/133 abar m8192@0xf0840000 port 0xf0840d00 irq 21
ata26: SATA max UDMA/133 abar m8192@0xf0840000 port 0xf0840d80 irq 21
ata27: SATA max UDMA/133 abar m8192@0xf0840000 port 0xf0840e00 irq 21
ata28: SATA max UDMA/133 abar m8192@0xf0840000 port 0xf0840e80 irq 21
ata29: SATA max UDMA/133 abar m8192@0xf0840000 port 0xf0840f00 irq 21
ata30: SATA max UDMA/133 abar m8192@0xf0840000 port 0xf0840f80 irq 21
scsi host30: pata_legacy
ata31: PATA max PIO4 cmd 0x1f0 ctl 0x3f6 irq 14
ata1: SATA link up 3.0 Gbps (SStatus 123 SControl 300)
ata1.00: ATAPI: VBOX CD-ROM, 1.0, max UDMA/133
ata1.00: applying bridge limits
ata1.00: configured for UDMA/100
scsi 0:0:0:0: CD-ROM            VBOX     CD-ROM           1.0  PQ: 0 ANSI: 5
sr 0:0:0:0: [sr0] scsi3-mmc drive: 32x/32x xa/form2 tray
cdrom: Uniform CD-ROM driver Revision: 3.20
sr 0:0:0:0: Attached scsi CD-ROM sr0
sr 0:0:0:0: Attached scsi generic sg0 type 5
ata2: SATA link up 3.0 Gbps (SStatus 123 SControl 300)
ata2.00: ATA-6: VBOX HARDDISK, 1.0, max UDMA/133
ata2.00: 40960000 sectors, multi 128: LBA48 NCQ (depth 31/32)
ata2.00: configured for UDMA/133
scsi 1:0:0:0: Direct-Access     ATA      VBOX HARDDISK    1.0  PQ: 0 ANSI: 5
sd 1:0:0:0: Attached scsi generic sg1 type 0
sd 1:0:0:0: [sda] 40960000 512-byte logical blocks: (21.0 GB/19.5 GiB)
sd 1:0:0:0: [sda] Write Protect is off
sd 1:0:0:0: [sda] Mode Sense: 00 3a 00 00
sd 1:0:0:0: [sda] Write cache: enabled, read cache: enabled, doesn't support DPO or FUA
 sda: sda1 sda2
sd 1:0:0:0: [sda] Attached SCSI disk
tsc: Refined TSC clocksource calibration: 3100.737 MHz
clocksource: tsc: mask: 0xffffffffffffffff max_cycles: 0x2cb1ffa6bd8, max_idle_ns: 440795216970 ns
ata3: SATA link down (SStatus 0 SControl 300)
ata4: SATA link down (SStatus 0 SControl 300)
ata5: SATA link down (SStatus 0 SControl 300)
ata6: SATA link down (SStatus 0 SControl 300)
ata7: SATA link down (SStatus 0 SControl 300)
ata8: SATA link down (SStatus 0 SControl 300)
ata9: SATA link down (SStatus 0 SControl 300)
ata10: SATA link down (SStatus 0 SControl 300)
ata11: SATA link down (SStatus 0 SControl 300)
ata12: SATA link down (SStatus 0 SControl 300)
ata13: SATA link down (SStatus 0 SControl 300)
ata14: SATA link down (SStatus 0 SControl 300)
ata15: SATA link down (SStatus 0 SControl 300)
ata16: SATA link down (SStatus 0 SControl 300)
ata17: SATA link down (SStatus 0 SControl 300)
ata18: SATA link down (SStatus 0 SControl 300)
ata19: SATA link down (SStatus 0 SControl 300)
ata20: SATA link down (SStatus 0 SControl 300)
ata21: SATA link down (SStatus 0 SControl 300)
ata22: SATA link down (SStatus 0 SControl 300)
ata23: SATA link down (SStatus 0 SControl 300)
ata24: SATA link down (SStatus 0 SControl 300)
ata25: SATA link down (SStatus 0 SControl 300)
ata26: SATA link down (SStatus 0 SControl 300)
ata27: SATA link down (SStatus 0 SControl 300)
ata28: SATA link down (SStatus 0 SControl 300)
ata29: SATA link down (SStatus 0 SControl 300)
ata30: SATA link down (SStatus 0 SControl 300)
scsi host31: pata_legacy
ata32: PATA max PIO4 cmd 0x170 ctl 0x376 irq 15
libphy: Fixed MDIO Bus: probed
tun: Universal TUN/TAP device driver, 1.6
tun: (C) 1999-2004 Max Krasnyansky <maxk@qualcomm.com>
PPP generic driver version 2.4.2
PPP Deflate Compression module registered
NET: Registered protocol family 24
ehci_hcd: USB 2.0 'Enhanced' Host Controller (EHCI) Driver
ehci-pci: EHCI PCI platform driver
ohci_hcd: USB 1.1 'Open' Host Controller (OHCI) Driver
ohci-pci: OHCI PCI platform driver
uhci_hcd: USB Universal Host Controller Interface driver
usbcore: registered new interface driver usb-storage
usbcore: registered new interface driver ums-alauda
usbcore: registered new interface driver ums-cypress
usbcore: registered new interface driver ums-datafab
usbcore: registered new interface driver ums_eneub6250
usbcore: registered new interface driver ums-freecom
usbcore: registered new interface driver ums-isd200
usbcore: registered new interface driver ums-jumpshot
usbcore: registered new interface driver ums-karma
usbcore: registered new interface driver ums-onetouch
usbcore: registered new interface driver ums-sddr09
usbcore: registered new interface driver ums-sddr55
usbcore: registered new interface driver ums-usbat
i8042: PNP: PS/2 Controller [PNP0303:PS2K,PNP0f03:PS2M] at 0x60,0x64 irq 1,12
serio: i8042 KBD port at 0x60,0x64 irq 1
serio: i8042 AUX port at 0x60,0x64 irq 12
mousedev: PS/2 mouse device common for all mice
input: AT Translated Set 2 keyboard as /devices/platform/i8042/serio0/input/input2
usbcore: registered new interface driver appletouch
usbcore: registered new interface driver bcm5974
usbcore: registered new interface driver synaptics_usb
rtc_cmos rtc_cmos: rtc core: registered rtc_cmos as rtc0
rtc_cmos rtc_cmos: alarms up to one day, 114 bytes nvram, hpet irqs
softdog: Software Watchdog Timer: 0.08 initialized. soft_noboot=0 soft_margin=60 sec soft_panic=0 (nowayout=0)
ledtrig-cpu: registered to indicate activity on CPUs
hidraw: raw HID events driver (C) Jiri Kosina
usbcore: registered new interface driver usbhid
usbhid: USB HID core driver
Netfilter messages via NETLINK v0.30.
nfnl_acct: registering with nfnetlink.
ip_tables: (C) 2000-2006 Netfilter Core Team
Initializing XFRM netlink socket
NET: Registered protocol family 17
NET: Registered protocol family 15
9pnet: Installing 9P2000 support
Key type dns_resolver registered
microcode: CPU0 sig=0x306c3, pf=0x40, revision=0x0
microcode: CPU1 sig=0x306c3, pf=0x40, revision=0x0
microcode: CPU2 sig=0x306c3, pf=0x40, revision=0x0
microcode: CPU3 sig=0x306c3, pf=0x40, revision=0x0
microcode: Microcode Update Driver: v2.01 <tigran@aivazian.fsnet.co.uk>, Peter Oruba
AVX version of gcm_enc/dec engaged.
AES CTR mode by8 optimization enabled
registered taskstats version 1
rtc_cmos rtc_cmos: setting system clock to 2016-06-05 10:40:11 UTC (1465123211)
Freeing unused kernel memory: 1036K (ffffffff81b46000 - ffffffff81c49000)
Write protecting the kernel read-only data: 10240k
Freeing unused kernel memory: 496K (ffff880001584000 - ffff880001600000)
Freeing unused kernel memory: 1736K (ffff88000184e000 - ffff880001a00000)
input: ImExPS/2 Generic Explorer Mouse as /devices/platform/i8042/serio1/input/input4
e1000: Intel(R) PRO/1000 Network Driver - version 7.3.21-k8-NAPI
e1000: Copyright (c) 1999-2006 Intel Corporation.
Linux agpgart interface v0.103
ACPI: AC Adapter [AC] (on-line)
input: PC Speaker as /devices/platform/pcspkr/input/input5
ACPI: Video Device [GFX0] (multi-head: yes  rom: no  post: no)
input: Video Bus as /devices/LNXSYSTM:00/LNXSYBUS:00/PNP0A03:00/LNXVIDEO:00/input/input6
ppdev: user-space parallel port driver
loop: module loaded
e1000 0000:00:03.0 eth0: (PCI:33MHz:32-bit) 08:00:27:59:4a:f8
e1000 0000:00:03.0 eth0: Intel(R) PRO/1000 Network Connection
zram0: detected capacity change from 0 to 3351379968
random: mkswap urandom read with 32 bits of entropy available
Adding 3272828k swap on /dev/zram0.  Priority:-1 extents:1 across:3272828k SSFS
squashfs: version 4.0 (2009/01/31) Phillip Lougher
Adding 987960k swap on /dev/sda2.  Priority:-2 extents:1 across:987960k FS
sysctl[623]: segfault at c0 ip 00007ff1acbc17a0 sp 00007ffeea7324e0 error 4 in libc-2.22.so[7ff1acb82000+163000]
EXT4-fs (sda1): couldn't mount as ext3 due to feature incompatibilities
EXT4-fs (sda1): couldn't mount as ext2 due to feature incompatibilities
EXT4-fs (sda1): mounted filesystem with ordered data mode. Opts: (null)
e1000 0000:00:08.0 eth1: (PCI:33MHz:32-bit) 08:00:27:72:fb:b8
e1000 0000:00:08.0 eth1: Intel(R) PRO/1000 Network Connection
piix4_smbus 0000:00:07.0: SMBus base address uninitialized - upgrade BIOS or use force_addr=0xaddr
vgdrvHeartbeatInit: Setting up heartbeat to trigger every 2000 milliseconds
input: Unspecified device as /devices/pci0000:00/0000:00:04.0/input/input7
vboxguest: misc device minor 56, IRQ 20, I/O port d020, MMIO at 00000000f0400000 (size 0x400000)
vboxguest: Successfully loaded version 5.0.20 (interface 0x00010004)
vboxvideo: Unknown symbol ttm_bo_mmap (err 0)
vboxvideo: Unknown symbol drm_framebuffer_cleanup (err 0)
vboxvideo: Unknown symbol drm_global_item_unref (err 0)
vboxvideo: Unknown symbol drm_open (err 0)
vboxvideo: Unknown symbol drm_poll (err 0)
vboxvideo: Unknown symbol drm_mode_object_find (err 0)
vboxvideo: Unknown symbol ttm_bo_global_release (err 0)
vboxvideo: Unknown symbol drm_kms_helper_poll_disable (err 0)
vboxvideo: Unknown symbol drm_mode_crtc_set_gamma_size (err 0)
vboxvideo: Unknown symbol drm_connector_register (err 0)
vboxvideo: Unknown symbol ttm_pool_unpopulate (err 0)
vboxvideo: Unknown symbol drm_framebuffer_init (err 0)
vboxvideo: Unknown symbol drm_pci_init (err 0)
vboxvideo: Unknown symbol drm_helper_disable_unused_functions (err 0)
vboxvideo: Unknown symbol drm_modeset_unlock_all (err 0)
vboxvideo: Unknown symbol ttm_bo_manager_func (err 0)
vboxvideo: Unknown symbol drm_mode_probed_add (err 0)
vboxvideo: Unknown symbol ttm_bo_global_init (err 0)
vboxvideo: Unknown symbol drm_modeset_lock_all (err 0)
vboxvideo: Unknown symbol drm_mode_create_suggested_offset_properties (err 0)
vboxvideo: Unknown symbol drm_mode_config_init (err 0)
vboxvideo: Unknown symbol drm_crtc_cleanup (err 0)
vboxvideo: Unknown symbol ttm_bo_device_release (err 0)
vboxvideo: Unknown symbol drm_encoder_cleanup (err 0)
vboxvideo: Unknown symbol drm_gem_object_init (err 0)
vboxvideo: Unknown symbol drm_connector_unregister (err 0)
vboxvideo: Unknown symbol drm_crtc_init (err 0)
vboxvideo: Unknown symbol drm_add_modes_noedid (err 0)
vboxvideo: Unknown symbol drm_gem_object_lookup (err 0)
vboxvideo: Unknown symbol drm_get_pci_dev (err 0)
vboxvideo: Unknown symbol drm_irq_uninstall (err 0)
vboxvideo: Unknown symbol ttm_bo_kunmap (err 0)
vboxvideo: Unknown symbol ttm_bo_del_sub_from_lru (err 0)
vboxvideo: Unknown symbol drm_framebuffer_unregister_private (err 0)
vboxvideo: Unknown symbol drm_ioctl (err 0)
vboxvideo: Unknown symbol drm_gem_object_free (err 0)
vboxvideo: Unknown symbol drm_mode_connector_update_edid_property (err 0)
vboxvideo: Unknown symbol drm_kms_helper_poll_enable (err 0)
vboxvideo: Unknown symbol drm_connector_init (err 0)
vboxvideo: Unknown symbol drm_err (err 0)
vboxvideo: Unknown symbol ttm_bo_device_init (err 0)
vboxvideo: Unknown symbol ttm_bo_init_mm (err 0)
vboxvideo: Unknown symbol ttm_bo_dma_acc_size (err 0)
vboxvideo: Unknown symbol drm_read (err 0)
vboxvideo: Unknown symbol drm_gem_object_release (err 0)
vboxvideo: Unknown symbol ttm_tt_init (err 0)
vboxvideo: Unknown symbol ttm_bo_kmap (err 0)
vboxvideo: Unknown symbol drm_gem_dumb_destroy (err 0)
vboxvideo: Unknown symbol drm_gem_handle_create (err 0)
vboxvideo: Unknown symbol drm_put_dev (err 0)
vboxvideo: Unknown symbol drm_object_attach_property (err 0)
vboxvideo: Unknown symbol drm_helper_mode_fill_fb_struct (err 0)
vboxvideo: Unknown symbol ttm_bo_add_to_lru (err 0)
vboxvideo: Unknown symbol ttm_bo_unref (err 0)
vboxvideo: Unknown symbol drm_irq_install (err 0)
vboxvideo: Unknown symbol drm_mode_connector_attach_encoder (err 0)
vboxvideo: Unknown symbol ttm_mem_global_release (err 0)
vboxvideo: Unknown symbol drm_helper_connector_dpms (err 0)
vboxvideo: Unknown symbol ttm_mem_global_init (err 0)
vboxvideo: Unknown symbol drm_connector_cleanup (err 0)
vboxvideo: Unknown symbol drm_pci_set_busid (err 0)
vboxvideo: Unknown symbol drm_object_property_set_value (err 0)
vboxvideo: Unknown symbol drm_encoder_init (err 0)
vboxvideo: Unknown symbol drm_kms_helper_hotplug_event (err 0)
vboxvideo: Unknown symbol drm_global_item_ref (err 0)
vboxvideo: Unknown symbol drm_helper_probe_single_connector_modes (err 0)
vboxvideo: Unknown symbol drm_cvt_mode (err 0)
vboxvideo: Unknown symbol ttm_bo_init (err 0)
vboxvideo: Unknown symbol ttm_bo_validate (err 0)
vboxvideo: Unknown symbol drm_mode_destroy (err 0)
vboxvideo: Unknown symbol drm_pci_exit (err 0)
vboxvideo: Unknown symbol drm_mode_config_reset (err 0)
vboxvideo: Unknown symbol drm_mode_config_cleanup (err 0)
vboxvideo: Unknown symbol ttm_bo_move_memcpy (err 0)
vboxvideo: Unknown symbol drm_helper_resume_force_mode (err 0)
vboxvideo: Unknown symbol drm_compat_ioctl (err 0)
vboxvideo: Unknown symbol drm_crtc_helper_set_config (err 0)
vboxvideo: Unknown symbol ttm_tt_fini (err 0)
vboxvideo: Unknown symbol ttm_pool_populate (err 0)
vboxvideo: Unknown symbol drm_release (err 0)
vboxvideo: Unknown symbol ttm_bo_mmap (err 0)
vboxvideo: Unknown symbol drm_framebuffer_cleanup (err 0)
vboxvideo: Unknown symbol drm_global_item_unref (err 0)
vboxvideo: Unknown symbol drm_open (err 0)
vboxvideo: Unknown symbol drm_poll (err 0)
vboxvideo: Unknown symbol drm_mode_object_find (err 0)
vboxvideo: Unknown symbol ttm_bo_global_release (err 0)
vboxvideo: Unknown symbol drm_kms_helper_poll_disable (err 0)
vboxvideo: Unknown symbol drm_mode_crtc_set_gamma_size (err 0)
vboxvideo: Unknown symbol drm_connector_register (err 0)
vboxvideo: Unknown symbol ttm_pool_unpopulate (err 0)
vboxvideo: Unknown symbol drm_framebuffer_init (err 0)
vboxvideo: Unknown symbol drm_pci_init (err 0)
vboxvideo: Unknown symbol drm_helper_disable_unused_functions (err 0)
vboxvideo: Unknown symbol drm_modeset_unlock_all (err 0)
vboxvideo: Unknown symbol ttm_bo_manager_func (err 0)
vboxvideo: Unknown symbol drm_mode_probed_add (err 0)
vboxvideo: Unknown symbol ttm_bo_global_init (err 0)
vboxvideo: Unknown symbol drm_modeset_lock_all (err 0)
vboxvideo: Unknown symbol drm_mode_create_suggested_offset_properties (err 0)
vboxvideo: Unknown symbol drm_mode_config_init (err 0)
vboxvideo: Unknown symbol drm_crtc_cleanup (err 0)
vboxvideo: Unknown symbol ttm_bo_device_release (err 0)
vboxvideo: Unknown symbol drm_encoder_cleanup (err 0)
vboxvideo: Unknown symbol drm_gem_object_init (err 0)
vboxvideo: Unknown symbol drm_connector_unregister (err 0)
vboxvideo: Unknown symbol drm_crtc_init (err 0)
vboxvideo: Unknown symbol drm_add_modes_noedid (err 0)
vboxvideo: Unknown symbol drm_gem_object_lookup (err 0)
vboxvideo: Unknown symbol drm_get_pci_dev (err 0)
vboxvideo: Unknown symbol drm_irq_uninstall (err 0)
vboxvideo: Unknown symbol ttm_bo_kunmap (err 0)
vboxvideo: Unknown symbol ttm_bo_del_sub_from_lru (err 0)
vboxvideo: Unknown symbol drm_framebuffer_unregister_private (err 0)
vboxvideo: Unknown symbol drm_ioctl (err 0)
vboxvideo: Unknown symbol drm_gem_object_free (err 0)
vboxvideo: Unknown symbol drm_mode_connector_update_edid_property (err 0)
vboxvideo: Unknown symbol drm_kms_helper_poll_enable (err 0)
vboxvideo: Unknown symbol drm_connector_init (err 0)
vboxvideo: Unknown symbol drm_err (err 0)
vboxvideo: Unknown symbol ttm_bo_device_init (err 0)
vboxvideo: Unknown symbol ttm_bo_init_mm (err 0)
vboxvideo: Unknown symbol ttm_bo_dma_acc_size (err 0)
vboxvideo: Unknown symbol drm_read (err 0)
vboxvideo: Unknown symbol drm_gem_object_release (err 0)
vboxvideo: Unknown symbol ttm_tt_init (err 0)
vboxvideo: Unknown symbol ttm_bo_kmap (err 0)
vboxvideo: Unknown symbol drm_gem_dumb_destroy (err 0)
vboxvideo: Unknown symbol drm_gem_handle_create (err 0)
vboxvideo: Unknown symbol drm_put_dev (err 0)
vboxvideo: Unknown symbol drm_object_attach_property (err 0)
vboxvideo: Unknown symbol drm_helper_mode_fill_fb_struct (err 0)
vboxvideo: Unknown symbol ttm_bo_add_to_lru (err 0)
vboxvideo: Unknown symbol ttm_bo_unref (err 0)
vboxvideo: Unknown symbol drm_irq_install (err 0)
vboxvideo: Unknown symbol drm_mode_connector_attach_encoder (err 0)
vboxvideo: Unknown symbol ttm_mem_global_release (err 0)
vboxvideo: Unknown symbol drm_helper_connector_dpms (err 0)
vboxvideo: Unknown symbol ttm_mem_global_init (err 0)
vboxvideo: Unknown symbol drm_connector_cleanup (err 0)
vboxvideo: Unknown symbol drm_pci_set_busid (err 0)
vboxvideo: Unknown symbol drm_object_property_set_value (err 0)
vboxvideo: Unknown symbol drm_encoder_init (err 0)
vboxvideo: Unknown symbol drm_kms_helper_hotplug_event (err 0)
vboxvideo: Unknown symbol drm_global_item_ref (err 0)
vboxvideo: Unknown symbol drm_helper_probe_single_connector_modes (err 0)
vboxvideo: Unknown symbol drm_cvt_mode (err 0)
vboxvideo: Unknown symbol ttm_bo_init (err 0)
vboxvideo: Unknown symbol ttm_bo_validate (err 0)
vboxvideo: Unknown symbol drm_mode_destroy (err 0)
vboxvideo: Unknown symbol drm_pci_exit (err 0)
vboxvideo: Unknown symbol drm_mode_config_reset (err 0)
vboxvideo: Unknown symbol drm_mode_config_cleanup (err 0)
vboxvideo: Unknown symbol ttm_bo_move_memcpy (err 0)
vboxvideo: Unknown symbol drm_helper_resume_force_mode (err 0)
vboxvideo: Unknown symbol drm_compat_ioctl (err 0)
vboxvideo: Unknown symbol drm_crtc_helper_set_config (err 0)
vboxvideo: Unknown symbol ttm_tt_fini (err 0)
vboxvideo: Unknown symbol ttm_pool_populate (err 0)
vboxvideo: Unknown symbol drm_release (err 0)
vboxvideo: Unknown symbol ttm_bo_mmap (err 0)
vboxvideo: Unknown symbol drm_framebuffer_cleanup (err 0)
vboxvideo: Unknown symbol drm_global_item_unref (err 0)
vboxvideo: Unknown symbol drm_open (err 0)
vboxvideo: Unknown symbol drm_poll (err 0)
vboxvideo: Unknown symbol drm_mode_object_find (err 0)
vboxvideo: Unknown symbol ttm_bo_global_release (err 0)
vboxvideo: Unknown symbol drm_kms_helper_poll_disable (err 0)
vboxvideo: Unknown symbol drm_mode_crtc_set_gamma_size (err 0)
vboxvideo: Unknown symbol drm_connector_register (err 0)
vboxvideo: Unknown symbol ttm_pool_unpopulate (err 0)
vboxvideo: Unknown symbol drm_framebuffer_init (err 0)
vboxvideo: Unknown symbol drm_pci_init (err 0)
vboxvideo: Unknown symbol drm_helper_disable_unused_functions (err 0)
vboxvideo: Unknown symbol drm_modeset_unlock_all (err 0)
vboxvideo: Unknown symbol ttm_bo_manager_func (err 0)
vboxvideo: Unknown symbol drm_mode_probed_add (err 0)
vboxvideo: Unknown symbol ttm_bo_global_init (err 0)
vboxvideo: Unknown symbol drm_modeset_lock_all (err 0)
vboxvideo: Unknown symbol drm_mode_create_suggested_offset_properties (err 0)
vboxvideo: Unknown symbol drm_mode_config_init (err 0)
vboxvideo: Unknown symbol drm_crtc_cleanup (err 0)
vboxvideo: Unknown symbol ttm_bo_device_release (err 0)
vboxvideo: Unknown symbol drm_encoder_cleanup (err 0)
vboxvideo: Unknown symbol drm_gem_object_init (err 0)
vboxvideo: Unknown symbol drm_connector_unregister (err 0)
vboxvideo: Unknown symbol drm_crtc_init (err 0)
vboxvideo: Unknown symbol drm_add_modes_noedid (err 0)
vboxvideo: Unknown symbol drm_gem_object_lookup (err 0)
vboxvideo: Unknown symbol drm_get_pci_dev (err 0)
vboxvideo: Unknown symbol drm_irq_uninstall (err 0)
vboxvideo: Unknown symbol ttm_bo_kunmap (err 0)
vboxvideo: Unknown symbol ttm_bo_del_sub_from_lru (err 0)
vboxvideo: Unknown symbol drm_framebuffer_unregister_private (err 0)
vboxvideo: Unknown symbol drm_ioctl (err 0)
vboxvideo: Unknown symbol drm_gem_object_free (err 0)
vboxvideo: Unknown symbol drm_mode_connector_update_edid_property (err 0)
vboxvideo: Unknown symbol drm_kms_helper_poll_enable (err 0)
vboxvideo: Unknown symbol drm_connector_init (err 0)
vboxvideo: Unknown symbol drm_err (err 0)
vboxvideo: Unknown symbol ttm_bo_device_init (err 0)
vboxvideo: Unknown symbol ttm_bo_init_mm (err 0)
vboxvideo: Unknown symbol ttm_bo_dma_acc_size (err 0)
vboxvideo: Unknown symbol drm_read (err 0)
vboxvideo: Unknown symbol drm_gem_object_release (err 0)
vboxvideo: Unknown symbol ttm_tt_init (err 0)
vboxvideo: Unknown symbol ttm_bo_kmap (err 0)
vboxvideo: Unknown symbol drm_gem_dumb_destroy (err 0)
vboxvideo: Unknown symbol drm_gem_handle_create (err 0)
vboxvideo: Unknown symbol drm_put_dev (err 0)
vboxvideo: Unknown symbol drm_object_attach_property (err 0)
vboxvideo: Unknown symbol drm_helper_mode_fill_fb_struct (err 0)
vboxvideo: Unknown symbol ttm_bo_add_to_lru (err 0)
vboxvideo: Unknown symbol ttm_bo_unref (err 0)
vboxvideo: Unknown symbol drm_irq_install (err 0)
vboxvideo: Unknown symbol drm_mode_connector_attach_encoder (err 0)
vboxvideo: Unknown symbol ttm_mem_global_release (err 0)
vboxvideo: Unknown symbol drm_helper_connector_dpms (err 0)
vboxvideo: Unknown symbol ttm_mem_global_init (err 0)
vboxvideo: Unknown symbol drm_connector_cleanup (err 0)
vboxvideo: Unknown symbol drm_pci_set_busid (err 0)
vboxvideo: Unknown symbol drm_object_property_set_value (err 0)
vboxvideo: Unknown symbol drm_encoder_init (err 0)
vboxvideo: Unknown symbol drm_kms_helper_hotplug_event (err 0)
vboxvideo: Unknown symbol drm_global_item_ref (err 0)
vboxvideo: Unknown symbol drm_helper_probe_single_connector_modes (err 0)
vboxvideo: Unknown symbol drm_cvt_mode (err 0)
vboxvideo: Unknown symbol ttm_bo_init (err 0)
vboxvideo: Unknown symbol ttm_bo_validate (err 0)
vboxvideo: Unknown symbol drm_mode_destroy (err 0)
vboxvideo: Unknown symbol drm_pci_exit (err 0)
vboxvideo: Unknown symbol drm_mode_config_reset (err 0)
vboxvideo: Unknown symbol drm_mode_config_cleanup (err 0)
vboxvideo: Unknown symbol ttm_bo_move_memcpy (err 0)
vboxvideo: Unknown symbol drm_helper_resume_force_mode (err 0)
vboxvideo: Unknown symbol drm_compat_ioctl (err 0)
vboxvideo: Unknown symbol drm_crtc_helper_set_config (err 0)
vboxvideo: Unknown symbol ttm_tt_fini (err 0)
vboxvideo: Unknown symbol ttm_pool_populate (err 0)
vboxvideo: Unknown symbol drm_release (err 0)
floppy0: no floppy controllers found
e1000: eth1 NIC Link is Up 1000 Mbps Full Duplex, Flow Control: RX
floppy0: no floppy controllers found
work still pending
e1000: eth0 NIC Link is Up 1000 Mbps Full Duplex, Flow Control: RX
vboxsf: Successfully loaded version 5.0.20 (interface 0x00010004)
VBoxService 5.0.20 r106931 (verbosity: 0) linux.amd64 (Apr 28 2016 15:21:19) release log
00:00:00.000056 main     Log opened 2016-06-05T10:40:19.405144000Z
00:00:00.000131 main     OS Product: Linux
00:00:00.000155 main     OS Release: 4.4.12-boot2docker
00:00:00.000175 main     OS Version: #1 SMP Wed Jun 1 22:45:59 UTC 2016
00:00:00.000193 main     Executable: /sbin/VBoxService
00:00:00.000193 main     Process ID: 1127
00:00:00.000194 main     Package type: LINUX_64BITS_GENERIC
00:00:00.001309 main     5.0.20 r106931 started. Verbose level = 0
00:00:00.003229 vminfo   rtldrNativeLoad: dlopen('libdbus-1.so.3', RTLD_NOW | RTLD_LOCAL) failed: libdbus-1.so.3: cannot open shared object file: No such file or directory
00:00:00.003272 vminfo   Error: Unable to connect to system D-Bus (1/3): D-Bus not installed
sf_read_super_aux err=-71
sf_read_super_aux err=-71
sf_read_super_aux err=-71
sf_read_super_aux err=-71
sf_read_super_aux err=-71
sf_read_super_aux err=-71
sf_read_super_aux err=-71
sf_read_super_aux err=-71
sf_read_super_aux err=-71
NET: Registered protocol family 10
floppy0: no floppy controllers found
work still pending
00:00:05.008001 vminfo   Error: Unable to connect to system D-Bus (2/3): D-Bus not installed
bridge: automatic filtering via arp/ip/ip6tables has been deprecated. Update your scripts to load br_netfilter if you need this.
Bridge firewalling registered
nf_conntrack version 0.5.0 (65536 buckets, 262144 max)
IPv6: ADDRCONF(NETDEV_UP): docker0: link is not ready
random: nonblocking pool is initialized
00:00:10.016916 vminfo   Error: Unable to connect to system D-Bus (3/3): D-Bus not installed
IPv6: ADDRCONF(NETDEV_UP): docker0: link is not ready
aufs au_opts_verify:1597:docker[1499]: dirperm1 breaks the protection by the permission bits on the lower branch
device veth889a486 entered promiscuous mode
IPv6: ADDRCONF(NETDEV_UP): veth889a486: link is not ready
cgroup: docker-runc (1626) created nested cgroup for controller "memory" which has incomplete hierarchy support. Nested cgroups may change behavior in the future.
cgroup: "memory" requires setting use_hierarchy to 1 on the root
eth0: renamed from veth52f856c
IPv6: ADDRCONF(NETDEV_CHANGE): veth889a486: link becomes ready
docker0: port 1(veth889a486) entered forwarding state
docker0: port 1(veth889a486) entered forwarding state
IPv6: ADDRCONF(NETDEV_CHANGE): docker0: link becomes ready
docker0: port 1(veth889a486) entered forwarding state
veth52f856c: renamed from eth0
docker0: port 1(veth889a486) entered disabled state
docker0: port 1(veth889a486) entered disabled state
device veth889a486 left promiscuous mode
docker0: port 1(veth889a486) entered disabled state
device vethcae8b44 entered promiscuous mode
IPv6: ADDRCONF(NETDEV_UP): vethcae8b44: link is not ready
docker0: port 1(vethcae8b44) entered forwarding state
docker0: port 1(vethcae8b44) entered forwarding state
eth0: renamed from vethf0fa7f0
IPv6: ADDRCONF(NETDEV_CHANGE): vethcae8b44: link becomes ready
docker0: port 1(vethcae8b44) entered forwarding state
vethf0fa7f0: renamed from eth0
docker0: port 1(vethcae8b44) entered disabled state
docker0: port 1(vethcae8b44) entered disabled state
device vethcae8b44 left promiscuous mode
docker0: port 1(vethcae8b44) entered disabled state
auplink[8091]: segfault at 7ffc49fbbc78 ip 0000000000437c59 sp 00007ffc49fbbc80 error 6 in auplink[400000+bc000]
aufs au_plink_put:422:docker[1499]: pseudo-link is not flushed
auplink[8101]: segfault at 7fffe72ecc08 ip 0000000000437c59 sp 00007fffe72ecc10 error 6 in auplink[400000+bc000]
device veth6abd73c entered promiscuous mode
IPv6: ADDRCONF(NETDEV_UP): veth6abd73c: link is not ready
eth0: renamed from veth88a69bf
IPv6: ADDRCONF(NETDEV_CHANGE): veth6abd73c: link becomes ready
docker0: port 1(veth6abd73c) entered forwarding state
docker0: port 1(veth6abd73c) entered forwarding state
veth88a69bf: renamed from eth0
docker0: port 1(veth6abd73c) entered disabled state
docker0: port 1(veth6abd73c) entered disabled state
device veth6abd73c left promiscuous mode
docker0: port 1(veth6abd73c) entered disabled state
device vethdd596c0 entered promiscuous mode
IPv6: ADDRCONF(NETDEV_UP): vethdd596c0: link is not ready
docker0: port 1(vethdd596c0) entered forwarding state
docker0: port 1(vethdd596c0) entered forwarding state
eth0: renamed from veth200d42c
IPv6: ADDRCONF(NETDEV_CHANGE): vethdd596c0: link becomes ready
docker0: port 1(vethdd596c0) entered forwarding state
veth200d42c: renamed from eth0
docker0: port 1(vethdd596c0) entered disabled state
docker0: port 1(vethdd596c0) entered disabled state
device vethdd596c0 left promiscuous mode
docker0: port 1(vethdd596c0) entered disabled state
auplink[11388]: segfault at 7ffee0450068 ip 0000000000437c59 sp 00007ffee0450070 error 6 in auplink[400000+bc000]
aufs au_plink_put:422:docker[1499]: pseudo-link is not flushed
auplink[11396]: segfault at 7ffd18c369c8 ip 0000000000437c59 sp 00007ffd18c369d0 error 6 in auplink[400000+bc000]
device vetha527c43 entered promiscuous mode
IPv6: ADDRCONF(NETDEV_UP): vetha527c43: link is not ready
docker0: port 1(vetha527c43) entered forwarding state
docker0: port 1(vetha527c43) entered forwarding state
docker0: port 1(vetha527c43) entered disabled state
eth0: renamed from veth4e1377f
IPv6: ADDRCONF(NETDEV_CHANGE): vetha527c43: link becomes ready
docker0: port 1(vetha527c43) entered forwarding state
docker0: port 1(vetha527c43) entered forwarding state
veth4e1377f: renamed from eth0
docker0: port 1(vetha527c43) entered disabled state
docker0: port 1(vetha527c43) entered disabled state
device vetha527c43 left promiscuous mode
docker0: port 1(vetha527c43) entered disabled state
device vethea90d0a entered promiscuous mode
IPv6: ADDRCONF(NETDEV_UP): vethea90d0a: link is not ready
docker0: port 1(vethea90d0a) entered forwarding state
docker0: port 1(vethea90d0a) entered forwarding state
docker0: port 1(vethea90d0a) entered disabled state
eth0: renamed from veth7fc4278
IPv6: ADDRCONF(NETDEV_CHANGE): vethea90d0a: link becomes ready
docker0: port 1(vethea90d0a) entered forwarding state
docker0: port 1(vethea90d0a) entered forwarding state
veth7fc4278: renamed from eth0
docker0: port 1(vethea90d0a) entered disabled state
docker0: port 1(vethea90d0a) entered disabled state
device vethea90d0a left promiscuous mode
docker0: port 1(vethea90d0a) entered disabled state
device vethe14ccaa entered promiscuous mode
IPv6: ADDRCONF(NETDEV_UP): vethe14ccaa: link is not ready
eth0: renamed from veth1845570
IPv6: ADDRCONF(NETDEV_CHANGE): vethe14ccaa: link becomes ready
docker0: port 1(vethe14ccaa) entered forwarding state
docker0: port 1(vethe14ccaa) entered forwarding state
docker0: port 1(vethe14ccaa) entered disabled state
veth1845570: renamed from eth0
docker0: port 1(vethe14ccaa) entered disabled state
device vethe14ccaa left promiscuous mode
docker0: port 1(vethe14ccaa) entered disabled state
device vethf79b0b6 entered promiscuous mode
IPv6: ADDRCONF(NETDEV_UP): vethf79b0b6: link is not ready
eth0: renamed from veth5b4293f
IPv6: ADDRCONF(NETDEV_CHANGE): vethf79b0b6: link becomes ready
docker0: port 1(vethf79b0b6) entered forwarding state
docker0: port 1(vethf79b0b6) entered forwarding state
docker0: port 1(vethf79b0b6) entered forwarding state
