MemTotal:       13316476 kB
MemFree:        12214008 kB
MemAvailable:   12754220 kB
Buffers:           60604 kB
Cached:           728496 kB
SwapCached:            0 kB
Active:           323040 kB
Inactive:         519552 kB
Active(anon):     113608 kB
Inactive(anon):   108204 kB
Active(file):     209432 kB
Inactive(file):   411348 kB
Unevictable:           0 kB
Mlocked:               0 kB
SwapTotal:       4260788 kB
SwapFree:        4260788 kB
Dirty:                 8 kB
Writeback:             0 kB
AnonPages:         53492 kB
Mapped:            56228 kB
Shmem:            168320 kB
Slab:             216348 kB
SReclaimable:     172848 kB
SUnreclaim:        43500 kB
KernelStack:        3136 kB
PageTables:         1512 kB
NFS_Unstable:          0 kB
Bounce:                0 kB
WritebackTmp:          0 kB
CommitLimit:    10919024 kB
Committed_AS:     504652 kB
VmallocTotal:   34359738367 kB
VmallocUsed:           0 kB
VmallocChunk:          0 kB
AnonHugePages:     24576 kB
HugePages_Total:       0
HugePages_Free:        0
HugePages_Rsvd:        0
HugePages_Surp:        0
Hugepagesize:       2048 kB
DirectMap4k:       63424 kB
DirectMap2M:    13568000 kB
